// Jest Snapshot v1, https://goo.gl/fbAQLP

exports[`<Controls /> should render without crashing 1`] = `
.c0 {
  display: -webkit-box;
  display: -webkit-flex;
  display: -ms-flexbox;
  display: flex;
  -webkit-align-items: center;
  -webkit-box-align: center;
  -ms-flex-align: center;
  align-items: center;
  -webkit-box-pack: justify;
  -webkit-justify-content: space-between;
  -ms-flex-pack: justify;
  justify-content: space-between;
  -webkit-flex-wrap: wrap;
  -ms-flex-wrap: wrap;
  flex-wrap: wrap;
}

.c0 button {
  color: hsla(0,0%,40%);
  background: none;
  border: none;
}

.c0 button:disabled {
  cursor: not-allowed;
  opacity: 0.5;
}

.c0 .sort-by {
  display: -webkit-box;
  display: -webkit-flex;
  display: -ms-flexbox;
  display: flex;
  -webkit-flex-wrap: wrap;
  -ms-flex-wrap: wrap;
  flex-wrap: wrap;
}

.c0 .sort-by .sort-order {
  display: -webkit-box;
  display: -webkit-flex;
  display: -ms-flexbox;
  display: flex;
  -webkit-align-items: center;
  -webkit-box-align: center;
  -ms-flex-align: center;
  align-items: center;
}

.c0 .sort-by > div {
  margin-right: 1.2rem;
}

.c0 .sort-by > div > button:last-of-type {
  margin-left: 1.2rem;
}

.c0 .pagination {
  display: -webkit-box;
  display: -webkit-flex;
  display: -ms-flexbox;
  display: flex;
  -webkit-align-items: center;
  -webkit-box-align: center;
  -ms-flex-align: center;
  align-items: center;
  margin-left: auto;
}

.c0 .pagination > span {
  font-size: 1.4rem;
}

.c0 .sort-by > div,
.c0 .pagination {
  margin-bottom: 1.4rem;
}

<div>
  <div
    class="c0"
  />
</div>
`;
