// Jest Snapshot v1, https://goo.gl/fbAQLP

exports[`it decrease the number of rows when clicking in remove button 1`] = `
.c4 {
  font-size: 1.4rem;
  line-height: 14px;
  display: -webkit-box;
  display: -webkit-flex;
  display: -ms-flexbox;
  display: flex;
  -webkit-flex-direction: column;
  -ms-flex-direction: column;
  flex-direction: column;
}

.c4 > div.wrapper {
  display: -webkit-box;
  display: -webkit-flex;
  display: -ms-flexbox;
  display: flex;
}

.c5 {
  color: hsla(0,0%,40%);
  font-size: 1.4rem;
  font-weight: 500;
}

.c6 {
  display: -webkit-box;
  display: -webkit-flex;
  display: -ms-flexbox;
  display: flex;
  -webkit-align-items: flex-end;
  -webkit-box-align: flex-end;
  -ms-flex-align: flex-end;
  align-items: flex-end;
}

.c7 {
  width: 100%;
  height: 4.4rem;
  font-size: 1.4rem;
  margin: 0.5rem 0;
  padding: 1.2rem;
  background: white;
  border: 1px solid hsla(0,0%,80%);
  border-radius: 0.2rem;
  color: hsla(0,0%,40%);
}

.c7::-webkit-input-placeholder {
  color: hsla(0,0%,52%);
  font-weight: 300;
  font-style: italic;
}

.c7::-moz-placeholder {
  color: hsla(0,0%,52%);
  font-weight: 300;
  font-style: italic;
}

.c7:-ms-input-placeholder {
  color: hsla(0,0%,52%);
  font-weight: 300;
  font-style: italic;
}

.c7::placeholder {
  color: hsla(0,0%,52%);
  font-weight: 300;
  font-style: italic;
}

.c10 {
  background-color: hsla(195,86%,64%);
  color: hsla(0,0%,100%);
  border-radius: 100%;
  height: 100%;
  border: none;
  font-size: 1.2rem;
  text-transform: uppercase;
  text-align: center;
  -webkit-text-decoration: none;
  text-decoration: none;
  display: inline-block;
  padding: 0.2rem !important;
  float: right;
  display: -webkit-box;
  display: -webkit-flex;
  display: -ms-flexbox;
  display: flex;
}

.c10:hover {
  opacity: 0.8;
}

.c9 {
  background-color: hsl(0,0%,74%);
  color: hsla(0,0%,100%);
  border-radius: 100%;
  height: 100%;
  border: none;
  font-size: 1.2rem;
  text-transform: uppercase;
  text-align: center;
  -webkit-text-decoration: none;
  text-decoration: none;
  display: inline-block;
  padding: 0.2rem !important;
  float: right;
  display: -webkit-box;
  display: -webkit-flex;
  display: -ms-flexbox;
  display: flex;
}

.c9:hover {
  opacity: 0.8;
}

.c2 {
  display: -webkit-box;
  display: -webkit-flex;
  display: -ms-flexbox;
  display: flex;
  -webkit-align-items: center;
  -webkit-box-align: center;
  -ms-flex-align: center;
  align-items: center;
}

.c2 > *:not(:first-child):not(:last-child) {
  margin: 0 10px;
}

.c3 {
  -webkit-flex: 2;
  -ms-flex: 2;
  flex: 2;
}

.c8 {
  -webkit-flex: 1;
  -ms-flex: 1;
  flex: 1;
}

.c0 {
  margin-bottom: 4rem;
}

.c1 {
  margin-bottom: 3rem;
}

@media (max-width:450px) {
  .c2 {
    -webkit-flex-direction: column;
    -ms-flex-direction: column;
    flex-direction: column;
    margin-top: 1.5rem;
  }
}

@media (max-width:450px) {
  .c3 {
    width: 100%;
  }
}

@media (max-width:450px) {
  .c8 {
    width: 100%;
  }
}

<div>
  <form>
    <div
      class="c0"
    >
      <div
        class="c1"
      >
        <div
          class="c2"
        >
          <div
            class="c3"
            size="2"
          >
            <div
              class="c4"
            >
              <label
                class="c5"
                for="responsible[0].fullName"
              >
                Nome Completo
              </label>
              <div
                class="c6"
              >
                <input
                  aria-label="Nome Completo"
                  aria-required="true"
                  class="c7"
                  id="responsible[0].fullName"
                  name="responsible[0].fullName"
                  placeholder="Nome do responsável"
                  type="text"
                />
              </div>
            </div>
          </div>
          <div
            class="c8"
          >
            <div
              class="c4"
            >
              <label
                class="c5"
                for="responsible[0].email"
              >
                Email
              </label>
              <div
                class="c6"
              >
                <input
                  aria-label="Email"
                  aria-required="true"
                  class="c7"
                  id="responsible[0].email"
                  name="responsible[0].email"
                  placeholder="Ex.: email@dominio.com.br"
                  type="text"
                />
              </div>
            </div>
          </div>
          <div
            class="c8"
          >
            <div
              class="c4"
            >
              <label
                class="c5"
                for="responsible[0].phone"
              >
                Telefone
              </label>
              <div
                class="c6"
              >
                <input
                  aria-label="Telefone"
                  aria-required="true"
                  class="c7"
                  id="responsible[0].phone"
                  name="responsible[0].phone"
                  placeholder="(xx) xxxx - xxxx"
                  type="text"
                />
              </div>
            </div>
          </div>
          <div
            class="c8"
          >
            <div
              class="c4"
            >
              <label
                class="c5"
                for="responsible[0].lattesId"
              >
                ID Lattes
              </label>
              <div
                class="c6"
              >
                <input
                  aria-label="ID Lattes"
                  aria-required="true"
                  class="c7"
                  id="responsible[0].lattesId"
                  name="responsible[0].lattesId"
                  placeholder="Somente números"
                  type="text"
                />
              </div>
            </div>
          </div>
          <button
            class="c9"
            color="hsla(0, 0%, 100%)"
            disabled=""
            name=""
            title=""
            type="button"
          >
            <svg>
              FaMinus mocked
            </svg>
          </button>
        </div>
        <button
          class="c10"
          color="hsla(0, 0%, 100%)"
          name=""
          title=""
          type="button"
        >
          <svg>
            FaPlus mocked
          </svg>
        </button>
      </div>
    </div>
  </form>
</div>
`;

exports[`it increase the number of rows when clicking in add button 1`] = `
.c0 {
  background-color: hsla(195,86%,64%);
  color: hsla(0,0%,100%);
  border-radius: 100%;
  height: 100%;
  border: none;
  font-size: 1.2rem;
  text-transform: uppercase;
  text-align: center;
  -webkit-text-decoration: none;
  text-decoration: none;
  display: inline-block;
  padding: 0.2rem !important;
  float: right;
  display: -webkit-box;
  display: -webkit-flex;
  display: -ms-flexbox;
  display: flex;
}

.c0:hover {
  opacity: 0.8;
}

@media (max-width:450px) {

}

@media (max-width:450px) {

}

@media (max-width:450px) {

}

<button
  class="c0"
  color="hsla(0, 0%, 100%)"
  name=""
  title=""
  type="button"
>
  <svg>
    FaPlus mocked
  </svg>
</button>
`;

exports[`it renders the form with one row 1`] = `
.c4 {
  font-size: 1.4rem;
  line-height: 14px;
  display: -webkit-box;
  display: -webkit-flex;
  display: -ms-flexbox;
  display: flex;
  -webkit-flex-direction: column;
  -ms-flex-direction: column;
  flex-direction: column;
}

.c4 > div.wrapper {
  display: -webkit-box;
  display: -webkit-flex;
  display: -ms-flexbox;
  display: flex;
}

.c5 {
  color: hsla(0,0%,40%);
  font-size: 1.4rem;
  font-weight: 500;
}

.c6 {
  display: -webkit-box;
  display: -webkit-flex;
  display: -ms-flexbox;
  display: flex;
  -webkit-align-items: flex-end;
  -webkit-box-align: flex-end;
  -ms-flex-align: flex-end;
  align-items: flex-end;
}

.c7 {
  width: 100%;
  height: 4.4rem;
  font-size: 1.4rem;
  margin: 0.5rem 0;
  padding: 1.2rem;
  background: white;
  border: 1px solid hsla(0,0%,80%);
  border-radius: 0.2rem;
  color: hsla(0,0%,40%);
}

.c7::-webkit-input-placeholder {
  color: hsla(0,0%,52%);
  font-weight: 300;
  font-style: italic;
}

.c7::-moz-placeholder {
  color: hsla(0,0%,52%);
  font-weight: 300;
  font-style: italic;
}

.c7:-ms-input-placeholder {
  color: hsla(0,0%,52%);
  font-weight: 300;
  font-style: italic;
}

.c7::placeholder {
  color: hsla(0,0%,52%);
  font-weight: 300;
  font-style: italic;
}

.c10 {
  background-color: hsla(195,86%,64%);
  color: hsla(0,0%,100%);
  border-radius: 100%;
  height: 100%;
  border: none;
  font-size: 1.2rem;
  text-transform: uppercase;
  text-align: center;
  -webkit-text-decoration: none;
  text-decoration: none;
  display: inline-block;
  padding: 0.2rem !important;
  float: right;
  display: -webkit-box;
  display: -webkit-flex;
  display: -ms-flexbox;
  display: flex;
}

.c10:hover {
  opacity: 0.8;
}

.c9 {
  background-color: hsl(0,0%,74%);
  color: hsla(0,0%,100%);
  border-radius: 100%;
  height: 100%;
  border: none;
  font-size: 1.2rem;
  text-transform: uppercase;
  text-align: center;
  -webkit-text-decoration: none;
  text-decoration: none;
  display: inline-block;
  padding: 0.2rem !important;
  float: right;
  display: -webkit-box;
  display: -webkit-flex;
  display: -ms-flexbox;
  display: flex;
}

.c9:hover {
  opacity: 0.8;
}

.c2 {
  display: -webkit-box;
  display: -webkit-flex;
  display: -ms-flexbox;
  display: flex;
  -webkit-align-items: center;
  -webkit-box-align: center;
  -ms-flex-align: center;
  align-items: center;
}

.c2 > *:not(:first-child):not(:last-child) {
  margin: 0 10px;
}

.c3 {
  -webkit-flex: 2;
  -ms-flex: 2;
  flex: 2;
}

.c8 {
  -webkit-flex: 1;
  -ms-flex: 1;
  flex: 1;
}

.c0 {
  margin-bottom: 4rem;
}

.c1 {
  margin-bottom: 3rem;
}

@media (max-width:450px) {
  .c2 {
    -webkit-flex-direction: column;
    -ms-flex-direction: column;
    flex-direction: column;
    margin-top: 1.5rem;
  }
}

@media (max-width:450px) {
  .c3 {
    width: 100%;
  }
}

@media (max-width:450px) {
  .c8 {
    width: 100%;
  }
}

<div>
  <form>
    <div
      class="c0"
    >
      <div
        class="c1"
      >
        <div
          class="c2"
        >
          <div
            class="c3"
            size="2"
          >
            <div
              class="c4"
            >
              <label
                class="c5"
                for="responsible[0].fullName"
              >
                Nome Completo
              </label>
              <div
                class="c6"
              >
                <input
                  aria-label="Nome Completo"
                  aria-required="true"
                  class="c7"
                  id="responsible[0].fullName"
                  name="responsible[0].fullName"
                  placeholder="Nome do responsável"
                  type="text"
                />
              </div>
            </div>
          </div>
          <div
            class="c8"
          >
            <div
              class="c4"
            >
              <label
                class="c5"
                for="responsible[0].email"
              >
                Email
              </label>
              <div
                class="c6"
              >
                <input
                  aria-label="Email"
                  aria-required="true"
                  class="c7"
                  id="responsible[0].email"
                  name="responsible[0].email"
                  placeholder="Ex.: email@dominio.com.br"
                  type="text"
                />
              </div>
            </div>
          </div>
          <div
            class="c8"
          >
            <div
              class="c4"
            >
              <label
                class="c5"
                for="responsible[0].phone"
              >
                Telefone
              </label>
              <div
                class="c6"
              >
                <input
                  aria-label="Telefone"
                  aria-required="true"
                  class="c7"
                  id="responsible[0].phone"
                  name="responsible[0].phone"
                  placeholder="(xx) xxxx - xxxx"
                  type="text"
                />
              </div>
            </div>
          </div>
          <div
            class="c8"
          >
            <div
              class="c4"
            >
              <label
                class="c5"
                for="responsible[0].lattesId"
              >
                ID Lattes
              </label>
              <div
                class="c6"
              >
                <input
                  aria-label="ID Lattes"
                  aria-required="true"
                  class="c7"
                  id="responsible[0].lattesId"
                  name="responsible[0].lattesId"
                  placeholder="Somente números"
                  type="text"
                />
              </div>
            </div>
          </div>
          <button
            class="c9"
            color="hsla(0, 0%, 100%)"
            disabled=""
            name=""
            title=""
            type="button"
          >
            <svg>
              FaMinus mocked
            </svg>
          </button>
        </div>
        <button
          class="c10"
          color="hsla(0, 0%, 100%)"
          name=""
          title=""
          type="button"
        >
          <svg>
            FaPlus mocked
          </svg>
        </button>
      </div>
    </div>
  </form>
</div>
`;

exports[`it should not remove the row when only one is available 1`] = `
.c4 {
  font-size: 1.4rem;
  line-height: 14px;
  display: -webkit-box;
  display: -webkit-flex;
  display: -ms-flexbox;
  display: flex;
  -webkit-flex-direction: column;
  -ms-flex-direction: column;
  flex-direction: column;
}

.c4 > div.wrapper {
  display: -webkit-box;
  display: -webkit-flex;
  display: -ms-flexbox;
  display: flex;
}

.c5 {
  color: hsla(0,0%,40%);
  font-size: 1.4rem;
  font-weight: 500;
}

.c6 {
  display: -webkit-box;
  display: -webkit-flex;
  display: -ms-flexbox;
  display: flex;
  -webkit-align-items: flex-end;
  -webkit-box-align: flex-end;
  -ms-flex-align: flex-end;
  align-items: flex-end;
}

.c7 {
  width: 100%;
  height: 4.4rem;
  font-size: 1.4rem;
  margin: 0.5rem 0;
  padding: 1.2rem;
  background: white;
  border: 1px solid hsla(0,0%,80%);
  border-radius: 0.2rem;
  color: hsla(0,0%,40%);
}

.c7::-webkit-input-placeholder {
  color: hsla(0,0%,52%);
  font-weight: 300;
  font-style: italic;
}

.c7::-moz-placeholder {
  color: hsla(0,0%,52%);
  font-weight: 300;
  font-style: italic;
}

.c7:-ms-input-placeholder {
  color: hsla(0,0%,52%);
  font-weight: 300;
  font-style: italic;
}

.c7::placeholder {
  color: hsla(0,0%,52%);
  font-weight: 300;
  font-style: italic;
}

.c10 {
  background-color: hsla(195,86%,64%);
  color: hsla(0,0%,100%);
  border-radius: 100%;
  height: 100%;
  border: none;
  font-size: 1.2rem;
  text-transform: uppercase;
  text-align: center;
  -webkit-text-decoration: none;
  text-decoration: none;
  display: inline-block;
  padding: 0.2rem !important;
  float: right;
  display: -webkit-box;
  display: -webkit-flex;
  display: -ms-flexbox;
  display: flex;
}

.c10:hover {
  opacity: 0.8;
}

.c9 {
  background-color: hsl(0,0%,74%);
  color: hsla(0,0%,100%);
  border-radius: 100%;
  height: 100%;
  border: none;
  font-size: 1.2rem;
  text-transform: uppercase;
  text-align: center;
  -webkit-text-decoration: none;
  text-decoration: none;
  display: inline-block;
  padding: 0.2rem !important;
  float: right;
  display: -webkit-box;
  display: -webkit-flex;
  display: -ms-flexbox;
  display: flex;
}

.c9:hover {
  opacity: 0.8;
}

.c2 {
  display: -webkit-box;
  display: -webkit-flex;
  display: -ms-flexbox;
  display: flex;
  -webkit-align-items: center;
  -webkit-box-align: center;
  -ms-flex-align: center;
  align-items: center;
}

.c2 > *:not(:first-child):not(:last-child) {
  margin: 0 10px;
}

.c3 {
  -webkit-flex: 2;
  -ms-flex: 2;
  flex: 2;
}

.c8 {
  -webkit-flex: 1;
  -ms-flex: 1;
  flex: 1;
}

.c0 {
  margin-bottom: 4rem;
}

.c1 {
  margin-bottom: 3rem;
}

@media (max-width:450px) {
  .c2 {
    -webkit-flex-direction: column;
    -ms-flex-direction: column;
    flex-direction: column;
    margin-top: 1.5rem;
  }
}

@media (max-width:450px) {
  .c3 {
    width: 100%;
  }
}

@media (max-width:450px) {
  .c8 {
    width: 100%;
  }
}

<div>
  <form>
    <div
      class="c0"
    >
      <div
        class="c1"
      >
        <div
          class="c2"
        >
          <div
            class="c3"
            size="2"
          >
            <div
              class="c4"
            >
              <label
                class="c5"
                for="responsible[0].fullName"
              >
                Nome Completo
              </label>
              <div
                class="c6"
              >
                <input
                  aria-label="Nome Completo"
                  aria-required="true"
                  class="c7"
                  id="responsible[0].fullName"
                  name="responsible[0].fullName"
                  placeholder="Nome do responsável"
                  type="text"
                />
              </div>
            </div>
          </div>
          <div
            class="c8"
          >
            <div
              class="c4"
            >
              <label
                class="c5"
                for="responsible[0].email"
              >
                Email
              </label>
              <div
                class="c6"
              >
                <input
                  aria-label="Email"
                  aria-required="true"
                  class="c7"
                  id="responsible[0].email"
                  name="responsible[0].email"
                  placeholder="Ex.: email@dominio.com.br"
                  type="text"
                />
              </div>
            </div>
          </div>
          <div
            class="c8"
          >
            <div
              class="c4"
            >
              <label
                class="c5"
                for="responsible[0].phone"
              >
                Telefone
              </label>
              <div
                class="c6"
              >
                <input
                  aria-label="Telefone"
                  aria-required="true"
                  class="c7"
                  id="responsible[0].phone"
                  name="responsible[0].phone"
                  placeholder="(xx) xxxx - xxxx"
                  type="text"
                />
              </div>
            </div>
          </div>
          <div
            class="c8"
          >
            <div
              class="c4"
            >
              <label
                class="c5"
                for="responsible[0].lattesId"
              >
                ID Lattes
              </label>
              <div
                class="c6"
              >
                <input
                  aria-label="ID Lattes"
                  aria-required="true"
                  class="c7"
                  id="responsible[0].lattesId"
                  name="responsible[0].lattesId"
                  placeholder="Somente números"
                  type="text"
                />
              </div>
            </div>
          </div>
          <button
            class="c9"
            color="hsla(0, 0%, 100%)"
            disabled=""
            name=""
            title=""
            type="button"
          >
            <svg>
              FaMinus mocked
            </svg>
          </button>
        </div>
        <button
          class="c10"
          color="hsla(0, 0%, 100%)"
          name=""
          title=""
          type="button"
        >
          <svg>
            FaPlus mocked
          </svg>
        </button>
      </div>
    </div>
  </form>
</div>
`;
