// Jest Snapshot v1, https://goo.gl/fbAQLP

exports[`<PendingUserDataModal /> should render correctly 1`] = `
.c0 {
  display: -webkit-box;
  display: -webkit-flex;
  display: -ms-flexbox;
  display: flex;
}

.c0 > div:first-child > img {
  width: 100%;
  height: 100%;
}

.c1 {
  display: -webkit-box;
  display: -webkit-flex;
  display: -ms-flexbox;
  display: flex;
  -webkit-flex-direction: column;
  -ms-flex-direction: column;
  flex-direction: column;
  margin-left: 6.8rem;
}

.c1 > p {
  color: hsla(4,85%,57%);
  font-size: 2.8rem;
  font-weight: 500;
  margin-bottom: 0.8rem;
  line-height: 3.3rem;
}

.c1 > span {
  font-size: 1.6rem;
  line-height: 2.4rem;
}

.c2 {
  background: hsla(29,94%,62%);
  border: none;
  outline: none;
  -webkit-align-self: flex-start;
  -ms-flex-item-align: start;
  align-self: flex-start;
  margin-top: auto;
  padding: 0.4rem 0.8rem;
  color: hsla(0,0%,100%);
  text-transform: uppercase;
  font-weight: bold;
  font-size: 1.4rem;
  line-height: 2.4rem;
}

.c2:hover,
.c2:focus {
  background: hsla(29,73%,56%);
}

<div>
  <div
    class="c0"
  >
    <div>
      <img
        alt="Rapaz sentado em um balanço e ao lado um balanço vazio representando solidão"
        src="/alone-rafiki.svg"
      />
    </div>
    <div
      class="c1"
    >
      <p>
        Você possui dados pendentes
      </p>
      <span />
      <button
        class="c2"
      >
        Ir para meu perfil
      </button>
    </div>
  </div>
</div>
`;
